

================================================================
== Vivado HLS Report for 'comp_disps'
================================================================
* Date:           Wed Jun  5 20:42:08 2019

* Version:        2018.3 (Build 2405991 on Thu Dec 06 23:56:15 MST 2018)
* Project:        hw_sgm
* Solution:       solution1
* Product family: zynq
* Target device:  xc7z020clg484-1


================================================================
== Performance Estimates
================================================================
+ Timing (ns): 
    * Summary: 
    +--------+-------+----------+------------+
    |  Clock | Target| Estimated| Uncertainty|
    +--------+-------+----------+------------+
    |ap_clk  |  10.00|     8.750|        1.25|
    +--------+-------+----------+------------+

+ Latency (clock cycles): 
    * Summary: 
    +---------+---------+---------+---------+---------+
    |      Latency      |      Interval     | Pipeline|
    |   min   |   max   |   min   |   max   |   Type  |
    +---------+---------+---------+---------+---------+
    |  2919829|  2919829|  2919829|  2919829|   none  |
    +---------+---------+---------+---------+---------+

    + Detail: 
        * Instance: 
        N/A

        * Loop: 
        +-----------------+---------+---------+----------+-----------+-----------+------+----------+
        |                 |      Latency      | Iteration|  Initiation Interval  | Trip |          |
        |    Loop Name    |   min   |   max   |  Latency |  achieved |   target  | Count| Pipelined|
        +-----------------+---------+---------+----------+-----------+-----------+------+----------+
        |- Loop 1         |  2919828|  2919828|     15531|          -|          -|   188|    no    |
        | + Loop 1.1      |    15525|    15525|        69|          -|          -|   225|    no    |
        |  ++ Loop 1.1.1  |       60|       60|         2|          -|          -|    30|    no    |
        +-----------------+---------+---------+----------+-----------+-----------+------+----------+



================================================================
== Utilization Estimates
================================================================
* Summary: 
+-----------------+---------+-------+--------+-------+
|       Name      | BRAM_18K| DSP48E|   FF   |  LUT  |
+-----------------+---------+-------+--------+-------+
|DSP              |        -|      -|       -|      -|
|Expression       |        -|      -|       0|    243|
|FIFO             |        -|      -|       -|      -|
|Instance         |        -|      -|       -|      -|
|Memory           |        -|      -|       -|      -|
|Multiplexer      |        -|      -|       -|    211|
|Register         |        -|      -|     215|      -|
+-----------------+---------+-------+--------+-------+
|Total            |        0|      0|     215|    454|
+-----------------+---------+-------+--------+-------+
|Available        |      280|    220|  106400|  53200|
+-----------------+---------+-------+--------+-------+
|Utilization (%)  |        0|      0|   ~0   |   ~0  |
+-----------------+---------+-------+--------+-------+

+ Detail: 
    * Instance: 
    N/A

    * DSP48: 
    N/A

    * Memory: 
    N/A

    * FIFO: 
    N/A

    * Expression: 
    +---------------------------+----------+-------+---+----+------------+------------+
    |       Variable Name       | Operation| DSP48E| FF| LUT| Bitwidth P0| Bitwidth P1|
    +---------------------------+----------+-------+---+----+------------+------------+
    |d_fu_278_p2                |     +    |      0|  0|  15|           5|           1|
    |i_fu_185_p2                |     +    |      0|  0|  15|           8|           1|
    |j_fu_212_p2                |     +    |      0|  0|  15|           8|           1|
    |next_mul_fu_173_p2         |     +    |      0|  0|  23|          16|           8|
    |p_fu_218_p2                |     +    |      0|  0|  23|          16|          16|
    |tmp_9_fu_248_p2            |     -    |      0|  0|  29|          22|          22|
    |ap_block_state11           |    and   |      0|  0|   2|           1|           1|
    |ap_block_state11_io        |    and   |      0|  0|   2|           1|           1|
    |ap_block_state2_io         |    and   |      0|  0|   2|           1|           1|
    |ap_condition_432           |    and   |      0|  0|   2|           1|           1|
    |exitcond2_fu_206_p2        |   icmp   |      0|  0|  11|           8|           6|
    |exitcond3_fu_179_p2        |   icmp   |      0|  0|  11|           8|           8|
    |exitcond_fu_272_p2         |   icmp   |      0|  0|  11|           5|           3|
    |tmp_5_fu_289_p2            |   icmp   |      0|  0|  18|          32|          32|
    |j_assign_min_d1_fu_294_p3  |  select  |      0|  0|  32|           1|          32|
    |min_c_2_min_c_fu_301_p3    |  select  |      0|  0|  32|           1|          32|
    +---------------------------+----------+-------+---+----+------------+------------+
    |Total                      |          |      0|  0| 243|         134|         166|
    +---------------------------+----------+-------+---+----+------------+------------+

    * Multiplexer: 
    +---------------------------------------------+----+-----------+-----+-----------+
    |                     Name                    | LUT| Input Size| Bits| Total Bits|
    +---------------------------------------------+----+-----------+-----+-----------+
    |ap_NS_fsm                                    |  85|         17|    1|         17|
    |ap_sig_ioackin_m_axi_cost_in_m_img_ARREADY   |   9|          2|    1|          2|
    |ap_sig_ioackin_m_axi_disp_out_m_img_AWREADY  |   9|          2|    1|          2|
    |ap_sig_ioackin_m_axi_disp_out_m_img_WREADY   |   9|          2|    1|          2|
    |cost_in_m_img_blk_n_AR                       |   9|          2|    1|          2|
    |cost_in_m_img_blk_n_R                        |   9|          2|    1|          2|
    |disp_out_m_img_blk_n_AW                      |   9|          2|    1|          2|
    |disp_out_m_img_blk_n_B                       |   9|          2|    1|          2|
    |disp_out_m_img_blk_n_W                       |   9|          2|    1|          2|
    |i_assign_1_reg_104                           |   9|          2|    8|         16|
    |j_assign_2_reg_127                           |   9|          2|    8|         16|
    |min_c_reg_150                                |   9|          2|   32|         64|
    |min_d1_reg_138                               |   9|          2|   32|         64|
    |min_d_reg_162                                |   9|          2|    5|         10|
    |phi_mul_reg_115                              |   9|          2|   16|         32|
    +---------------------------------------------+----+-----------+-----+-----------+
    |Total                                        | 211|         45|  110|        235|
    +---------------------------------------------+----+-----------+-----+-----------+

    * Register: 
    +---------------------------------------------+----+----+-----+-----------+
    |                     Name                    | FF | LUT| Bits| Const Bits|
    +---------------------------------------------+----+----+-----+-----------+
    |ap_CS_fsm                                    |  16|   0|   16|          0|
    |ap_reg_ioackin_m_axi_cost_in_m_img_ARREADY   |   1|   0|    1|          0|
    |ap_reg_ioackin_m_axi_disp_out_m_img_AWREADY  |   1|   0|    1|          0|
    |ap_reg_ioackin_m_axi_disp_out_m_img_WREADY   |   1|   0|    1|          0|
    |d_reg_354                                    |   5|   0|    5|          0|
    |i_assign_1_reg_104                           |   8|   0|    8|          0|
    |i_reg_316                                    |   8|   0|    8|          0|
    |j_assign_2_reg_127                           |   8|   0|    8|          0|
    |j_reg_330                                    |   8|   0|    8|          0|
    |min_c_1_reg_359                              |  32|   0|   32|          0|
    |min_c_reg_150                                |  32|   0|   32|          0|
    |min_d1_reg_138                               |  32|   0|   32|          0|
    |min_d_cast1_reg_346                          |   5|   0|   32|         27|
    |min_d_reg_162                                |   5|   0|    5|          0|
    |next_mul_reg_308                             |  16|   0|   16|          0|
    |phi_mul_reg_115                              |  16|   0|   16|          0|
    |tmp_9_reg_335                                |  21|   0|   22|          1|
    +---------------------------------------------+----+----+-----+-----------+
    |Total                                        | 215|   0|  243|         28|
    +---------------------------------------------+----+----+-----+-----------+



================================================================
== Interface
================================================================
* Summary: 
+-------------------------------+-----+-----+------------+----------------+--------------+
|           RTL Ports           | Dir | Bits|  Protocol  |  Source Object |    C Type    |
+-------------------------------+-----+-----+------------+----------------+--------------+
|ap_clk                         |  in |    1| ap_ctrl_hs |   comp_disps   | return value |
|ap_rst                         |  in |    1| ap_ctrl_hs |   comp_disps   | return value |
|ap_start                       |  in |    1| ap_ctrl_hs |   comp_disps   | return value |
|ap_done                        | out |    1| ap_ctrl_hs |   comp_disps   | return value |
|ap_idle                        | out |    1| ap_ctrl_hs |   comp_disps   | return value |
|ap_ready                       | out |    1| ap_ctrl_hs |   comp_disps   | return value |
|m_axi_cost_in_m_img_AWVALID    | out |    1|    m_axi   |  cost_in_m_img |    pointer   |
|m_axi_cost_in_m_img_AWREADY    |  in |    1|    m_axi   |  cost_in_m_img |    pointer   |
|m_axi_cost_in_m_img_AWADDR     | out |   32|    m_axi   |  cost_in_m_img |    pointer   |
|m_axi_cost_in_m_img_AWID       | out |    1|    m_axi   |  cost_in_m_img |    pointer   |
|m_axi_cost_in_m_img_AWLEN      | out |   32|    m_axi   |  cost_in_m_img |    pointer   |
|m_axi_cost_in_m_img_AWSIZE     | out |    3|    m_axi   |  cost_in_m_img |    pointer   |
|m_axi_cost_in_m_img_AWBURST    | out |    2|    m_axi   |  cost_in_m_img |    pointer   |
|m_axi_cost_in_m_img_AWLOCK     | out |    2|    m_axi   |  cost_in_m_img |    pointer   |
|m_axi_cost_in_m_img_AWCACHE    | out |    4|    m_axi   |  cost_in_m_img |    pointer   |
|m_axi_cost_in_m_img_AWPROT     | out |    3|    m_axi   |  cost_in_m_img |    pointer   |
|m_axi_cost_in_m_img_AWQOS      | out |    4|    m_axi   |  cost_in_m_img |    pointer   |
|m_axi_cost_in_m_img_AWREGION   | out |    4|    m_axi   |  cost_in_m_img |    pointer   |
|m_axi_cost_in_m_img_AWUSER     | out |    1|    m_axi   |  cost_in_m_img |    pointer   |
|m_axi_cost_in_m_img_WVALID     | out |    1|    m_axi   |  cost_in_m_img |    pointer   |
|m_axi_cost_in_m_img_WREADY     |  in |    1|    m_axi   |  cost_in_m_img |    pointer   |
|m_axi_cost_in_m_img_WDATA      | out |   32|    m_axi   |  cost_in_m_img |    pointer   |
|m_axi_cost_in_m_img_WSTRB      | out |    4|    m_axi   |  cost_in_m_img |    pointer   |
|m_axi_cost_in_m_img_WLAST      | out |    1|    m_axi   |  cost_in_m_img |    pointer   |
|m_axi_cost_in_m_img_WID        | out |    1|    m_axi   |  cost_in_m_img |    pointer   |
|m_axi_cost_in_m_img_WUSER      | out |    1|    m_axi   |  cost_in_m_img |    pointer   |
|m_axi_cost_in_m_img_ARVALID    | out |    1|    m_axi   |  cost_in_m_img |    pointer   |
|m_axi_cost_in_m_img_ARREADY    |  in |    1|    m_axi   |  cost_in_m_img |    pointer   |
|m_axi_cost_in_m_img_ARADDR     | out |   32|    m_axi   |  cost_in_m_img |    pointer   |
|m_axi_cost_in_m_img_ARID       | out |    1|    m_axi   |  cost_in_m_img |    pointer   |
|m_axi_cost_in_m_img_ARLEN      | out |   32|    m_axi   |  cost_in_m_img |    pointer   |
|m_axi_cost_in_m_img_ARSIZE     | out |    3|    m_axi   |  cost_in_m_img |    pointer   |
|m_axi_cost_in_m_img_ARBURST    | out |    2|    m_axi   |  cost_in_m_img |    pointer   |
|m_axi_cost_in_m_img_ARLOCK     | out |    2|    m_axi   |  cost_in_m_img |    pointer   |
|m_axi_cost_in_m_img_ARCACHE    | out |    4|    m_axi   |  cost_in_m_img |    pointer   |
|m_axi_cost_in_m_img_ARPROT     | out |    3|    m_axi   |  cost_in_m_img |    pointer   |
|m_axi_cost_in_m_img_ARQOS      | out |    4|    m_axi   |  cost_in_m_img |    pointer   |
|m_axi_cost_in_m_img_ARREGION   | out |    4|    m_axi   |  cost_in_m_img |    pointer   |
|m_axi_cost_in_m_img_ARUSER     | out |    1|    m_axi   |  cost_in_m_img |    pointer   |
|m_axi_cost_in_m_img_RVALID     |  in |    1|    m_axi   |  cost_in_m_img |    pointer   |
|m_axi_cost_in_m_img_RREADY     | out |    1|    m_axi   |  cost_in_m_img |    pointer   |
|m_axi_cost_in_m_img_RDATA      |  in |   32|    m_axi   |  cost_in_m_img |    pointer   |
|m_axi_cost_in_m_img_RLAST      |  in |    1|    m_axi   |  cost_in_m_img |    pointer   |
|m_axi_cost_in_m_img_RID        |  in |    1|    m_axi   |  cost_in_m_img |    pointer   |
|m_axi_cost_in_m_img_RUSER      |  in |    1|    m_axi   |  cost_in_m_img |    pointer   |
|m_axi_cost_in_m_img_RRESP      |  in |    2|    m_axi   |  cost_in_m_img |    pointer   |
|m_axi_cost_in_m_img_BVALID     |  in |    1|    m_axi   |  cost_in_m_img |    pointer   |
|m_axi_cost_in_m_img_BREADY     | out |    1|    m_axi   |  cost_in_m_img |    pointer   |
|m_axi_cost_in_m_img_BRESP      |  in |    2|    m_axi   |  cost_in_m_img |    pointer   |
|m_axi_cost_in_m_img_BID        |  in |    1|    m_axi   |  cost_in_m_img |    pointer   |
|m_axi_cost_in_m_img_BUSER      |  in |    1|    m_axi   |  cost_in_m_img |    pointer   |
|m_axi_disp_out_m_img_AWVALID   | out |    1|    m_axi   | disp_out_m_img |    pointer   |
|m_axi_disp_out_m_img_AWREADY   |  in |    1|    m_axi   | disp_out_m_img |    pointer   |
|m_axi_disp_out_m_img_AWADDR    | out |   32|    m_axi   | disp_out_m_img |    pointer   |
|m_axi_disp_out_m_img_AWID      | out |    1|    m_axi   | disp_out_m_img |    pointer   |
|m_axi_disp_out_m_img_AWLEN     | out |   32|    m_axi   | disp_out_m_img |    pointer   |
|m_axi_disp_out_m_img_AWSIZE    | out |    3|    m_axi   | disp_out_m_img |    pointer   |
|m_axi_disp_out_m_img_AWBURST   | out |    2|    m_axi   | disp_out_m_img |    pointer   |
|m_axi_disp_out_m_img_AWLOCK    | out |    2|    m_axi   | disp_out_m_img |    pointer   |
|m_axi_disp_out_m_img_AWCACHE   | out |    4|    m_axi   | disp_out_m_img |    pointer   |
|m_axi_disp_out_m_img_AWPROT    | out |    3|    m_axi   | disp_out_m_img |    pointer   |
|m_axi_disp_out_m_img_AWQOS     | out |    4|    m_axi   | disp_out_m_img |    pointer   |
|m_axi_disp_out_m_img_AWREGION  | out |    4|    m_axi   | disp_out_m_img |    pointer   |
|m_axi_disp_out_m_img_AWUSER    | out |    1|    m_axi   | disp_out_m_img |    pointer   |
|m_axi_disp_out_m_img_WVALID    | out |    1|    m_axi   | disp_out_m_img |    pointer   |
|m_axi_disp_out_m_img_WREADY    |  in |    1|    m_axi   | disp_out_m_img |    pointer   |
|m_axi_disp_out_m_img_WDATA     | out |    8|    m_axi   | disp_out_m_img |    pointer   |
|m_axi_disp_out_m_img_WSTRB     | out |    1|    m_axi   | disp_out_m_img |    pointer   |
|m_axi_disp_out_m_img_WLAST     | out |    1|    m_axi   | disp_out_m_img |    pointer   |
|m_axi_disp_out_m_img_WID       | out |    1|    m_axi   | disp_out_m_img |    pointer   |
|m_axi_disp_out_m_img_WUSER     | out |    1|    m_axi   | disp_out_m_img |    pointer   |
|m_axi_disp_out_m_img_ARVALID   | out |    1|    m_axi   | disp_out_m_img |    pointer   |
|m_axi_disp_out_m_img_ARREADY   |  in |    1|    m_axi   | disp_out_m_img |    pointer   |
|m_axi_disp_out_m_img_ARADDR    | out |   32|    m_axi   | disp_out_m_img |    pointer   |
|m_axi_disp_out_m_img_ARID      | out |    1|    m_axi   | disp_out_m_img |    pointer   |
|m_axi_disp_out_m_img_ARLEN     | out |   32|    m_axi   | disp_out_m_img |    pointer   |
|m_axi_disp_out_m_img_ARSIZE    | out |    3|    m_axi   | disp_out_m_img |    pointer   |
|m_axi_disp_out_m_img_ARBURST   | out |    2|    m_axi   | disp_out_m_img |    pointer   |
|m_axi_disp_out_m_img_ARLOCK    | out |    2|    m_axi   | disp_out_m_img |    pointer   |
|m_axi_disp_out_m_img_ARCACHE   | out |    4|    m_axi   | disp_out_m_img |    pointer   |
|m_axi_disp_out_m_img_ARPROT    | out |    3|    m_axi   | disp_out_m_img |    pointer   |
|m_axi_disp_out_m_img_ARQOS     | out |    4|    m_axi   | disp_out_m_img |    pointer   |
|m_axi_disp_out_m_img_ARREGION  | out |    4|    m_axi   | disp_out_m_img |    pointer   |
|m_axi_disp_out_m_img_ARUSER    | out |    1|    m_axi   | disp_out_m_img |    pointer   |
|m_axi_disp_out_m_img_RVALID    |  in |    1|    m_axi   | disp_out_m_img |    pointer   |
|m_axi_disp_out_m_img_RREADY    | out |    1|    m_axi   | disp_out_m_img |    pointer   |
|m_axi_disp_out_m_img_RDATA     |  in |    8|    m_axi   | disp_out_m_img |    pointer   |
|m_axi_disp_out_m_img_RLAST     |  in |    1|    m_axi   | disp_out_m_img |    pointer   |
|m_axi_disp_out_m_img_RID       |  in |    1|    m_axi   | disp_out_m_img |    pointer   |
|m_axi_disp_out_m_img_RUSER     |  in |    1|    m_axi   | disp_out_m_img |    pointer   |
|m_axi_disp_out_m_img_RRESP     |  in |    2|    m_axi   | disp_out_m_img |    pointer   |
|m_axi_disp_out_m_img_BVALID    |  in |    1|    m_axi   | disp_out_m_img |    pointer   |
|m_axi_disp_out_m_img_BREADY    | out |    1|    m_axi   | disp_out_m_img |    pointer   |
|m_axi_disp_out_m_img_BRESP     |  in |    2|    m_axi   | disp_out_m_img |    pointer   |
|m_axi_disp_out_m_img_BID       |  in |    1|    m_axi   | disp_out_m_img |    pointer   |
|m_axi_disp_out_m_img_BUSER     |  in |    1|    m_axi   | disp_out_m_img |    pointer   |
+-------------------------------+-----+-----+------------+----------------+--------------+

