

================================================================
== Vivado HLS Report for 'Loop_1_proc'
================================================================
* Date:           Fri May 31 13:35:32 2019

* Version:        2018.3 (Build 2405991 on Thu Dec 06 23:56:15 MST 2018)
* Project:        hw_inverser
* Solution:       solution1
* Product family: zynq
* Target device:  xc7z020clg484-1


================================================================
== Performance Estimates
================================================================
+ Timing (ns): 
    * Summary: 
    +--------+-------+----------+------------+
    |  Clock | Target| Estimated| Uncertainty|
    +--------+-------+----------+------------+
    |ap_clk  |  10.00|     8.750|        1.25|
    +--------+-------+----------+------------+

+ Latency (clock cycles): 
    * Summary: 
    +--------+--------+--------+--------+---------+
    |     Latency     |     Interval    | Pipeline|
    |   min  |   max  |   min  |   max  |   Type  |
    +--------+--------+--------+--------+---------+
    |  676801|  676801|  676801|  676801|   none  |
    +--------+--------+--------+--------+---------+

    + Detail: 
        * Instance: 
        N/A

        * Loop: 
        +----------+--------+--------+----------+-----------+-----------+-------+----------+
        |          |     Latency     | Iteration|  Initiation Interval  |  Trip |          |
        | Loop Name|   min  |   max  |  Latency |  achieved |   target  | Count | Pipelined|
        +----------+--------+--------+----------+-----------+-----------+-------+----------+
        |- Loop 1  |  676800|  676800|        16|          -|          -|  42300|    no    |
        +----------+--------+--------+----------+-----------+-----------+-------+----------+



================================================================
== Utilization Estimates
================================================================
* Summary: 
+-----------------+---------+-------+--------+-------+
|       Name      | BRAM_18K| DSP48E|   FF   |  LUT  |
+-----------------+---------+-------+--------+-------+
|DSP              |        -|      -|       -|      -|
|Expression       |        -|      -|       0|    126|
|FIFO             |        -|      -|       -|      -|
|Instance         |        -|      -|       -|      -|
|Memory           |        -|      -|       -|      -|
|Multiplexer      |        -|      -|       -|    179|
|Register         |        -|      -|     199|      -|
+-----------------+---------+-------+--------+-------+
|Total            |        0|      0|     199|    305|
+-----------------+---------+-------+--------+-------+
|Available        |      280|    220|  106400|  53200|
+-----------------+---------+-------+--------+-------+
|Utilization (%)  |        0|      0|   ~0   |   ~0  |
+-----------------+---------+-------+--------+-------+

+ Detail: 
    * Instance: 
    N/A

    * DSP48: 
    N/A

    * Memory: 
    N/A

    * FIFO: 
    N/A

    * Expression: 
    +-------------------+----------+-------+---+----+------------+------------+
    |   Variable Name   | Operation| DSP48E| FF| LUT| Bitwidth P0| Bitwidth P1|
    +-------------------+----------+-------+---+----+------------+------------+
    |i_fu_115_p2        |     +    |      0|  0|  23|          16|           1|
    |sum3_fu_125_p2     |     +    |      0|  0|  40|          33|          33|
    |sum9_fu_140_p2     |     +    |      0|  0|  40|          33|          33|
    |tmp_i_fu_109_p2    |   icmp   |      0|  0|  13|          16|          16|
    |ap_block_state1    |    or    |      0|  0|   2|           1|           1|
    |tmp_2_i_fu_155_p2  |    xor   |      0|  0|   8|           8|           2|
    +-------------------+----------+-------+---+----+------------+------------+
    |Total              |          |      0|  0| 126|         107|          86|
    +-------------------+----------+-------+---+----+------------+------------+

    * Multiplexer: 
    +-------------------------------------+----+-----------+-----+-----------+
    |                 Name                | LUT| Input Size| Bits| Total Bits|
    +-------------------------------------+----+-----------+-----+-----------+
    |ap_NS_fsm                            |  89|         18|    1|         18|
    |ap_done                              |   9|          2|    1|          2|
    |ap_sig_ioackin_m_axi_img_in_ARREADY  |   9|          2|    1|          2|
    |ap_sig_ioackin_m_axi_img_in_AWREADY  |   9|          2|    1|          2|
    |ap_sig_ioackin_m_axi_img_in_WREADY   |   9|          2|    1|          2|
    |i_0_i_i_reg_90                       |   9|          2|   16|         32|
    |img_in_blk_n_AR                      |   9|          2|    1|          2|
    |img_in_blk_n_AW                      |   9|          2|    1|          2|
    |img_in_blk_n_B                       |   9|          2|    1|          2|
    |img_in_blk_n_R                       |   9|          2|    1|          2|
    |img_in_blk_n_W                       |   9|          2|    1|          2|
    +-------------------------------------+----+-----------+-----+-----------+
    |Total                                | 179|         38|   26|         68|
    +-------------------------------------+----+-----------+-----+-----------+

    * Register: 
    +-------------------------------------+----+----+-----+-----------+
    |                 Name                | FF | LUT| Bits| Const Bits|
    +-------------------------------------+----+----+-----+-----------+
    |ap_CS_fsm                            |  17|   0|   17|          0|
    |ap_done_reg                          |   1|   0|    1|          0|
    |ap_reg_ioackin_m_axi_img_in_ARREADY  |   1|   0|    1|          0|
    |ap_reg_ioackin_m_axi_img_in_AWREADY  |   1|   0|    1|          0|
    |ap_reg_ioackin_m_axi_img_in_WREADY   |   1|   0|    1|          0|
    |i_0_i_i_reg_90                       |  16|   0|   16|          0|
    |i_reg_173                            |  16|   0|   16|          0|
    |img_in_addr_1_reg_184                |  32|   0|   32|          0|
    |img_in_addr_read_reg_190             |   8|   0|    8|          0|
    |img_in_addr_reg_178                  |  32|   0|   32|          0|
    |sext6_cast_reg_165                   |  33|   0|   33|          0|
    |sext_cast_reg_160                    |  33|   0|   33|          0|
    |tmp_2_i_reg_195                      |   8|   0|    8|          0|
    +-------------------------------------+----+----+-----+-----------+
    |Total                                | 199|   0|  199|          0|
    +-------------------------------------+----+----+-----+-----------+



================================================================
== Interface
================================================================
* Summary: 
+-----------------------+-----+-----+------------+----------------+--------------+
|       RTL Ports       | Dir | Bits|  Protocol  |  Source Object |    C Type    |
+-----------------------+-----+-----+------------+----------------+--------------+
|ap_clk                 |  in |    1| ap_ctrl_hs |   Loop_1_proc  | return value |
|ap_rst                 |  in |    1| ap_ctrl_hs |   Loop_1_proc  | return value |
|ap_start               |  in |    1| ap_ctrl_hs |   Loop_1_proc  | return value |
|ap_done                | out |    1| ap_ctrl_hs |   Loop_1_proc  | return value |
|ap_continue            |  in |    1| ap_ctrl_hs |   Loop_1_proc  | return value |
|ap_idle                | out |    1| ap_ctrl_hs |   Loop_1_proc  | return value |
|ap_ready               | out |    1| ap_ctrl_hs |   Loop_1_proc  | return value |
|m_axi_img_in_AWVALID   | out |    1|    m_axi   |     img_in     |    pointer   |
|m_axi_img_in_AWREADY   |  in |    1|    m_axi   |     img_in     |    pointer   |
|m_axi_img_in_AWADDR    | out |   32|    m_axi   |     img_in     |    pointer   |
|m_axi_img_in_AWID      | out |    1|    m_axi   |     img_in     |    pointer   |
|m_axi_img_in_AWLEN     | out |   32|    m_axi   |     img_in     |    pointer   |
|m_axi_img_in_AWSIZE    | out |    3|    m_axi   |     img_in     |    pointer   |
|m_axi_img_in_AWBURST   | out |    2|    m_axi   |     img_in     |    pointer   |
|m_axi_img_in_AWLOCK    | out |    2|    m_axi   |     img_in     |    pointer   |
|m_axi_img_in_AWCACHE   | out |    4|    m_axi   |     img_in     |    pointer   |
|m_axi_img_in_AWPROT    | out |    3|    m_axi   |     img_in     |    pointer   |
|m_axi_img_in_AWQOS     | out |    4|    m_axi   |     img_in     |    pointer   |
|m_axi_img_in_AWREGION  | out |    4|    m_axi   |     img_in     |    pointer   |
|m_axi_img_in_AWUSER    | out |    1|    m_axi   |     img_in     |    pointer   |
|m_axi_img_in_WVALID    | out |    1|    m_axi   |     img_in     |    pointer   |
|m_axi_img_in_WREADY    |  in |    1|    m_axi   |     img_in     |    pointer   |
|m_axi_img_in_WDATA     | out |    8|    m_axi   |     img_in     |    pointer   |
|m_axi_img_in_WSTRB     | out |    1|    m_axi   |     img_in     |    pointer   |
|m_axi_img_in_WLAST     | out |    1|    m_axi   |     img_in     |    pointer   |
|m_axi_img_in_WID       | out |    1|    m_axi   |     img_in     |    pointer   |
|m_axi_img_in_WUSER     | out |    1|    m_axi   |     img_in     |    pointer   |
|m_axi_img_in_ARVALID   | out |    1|    m_axi   |     img_in     |    pointer   |
|m_axi_img_in_ARREADY   |  in |    1|    m_axi   |     img_in     |    pointer   |
|m_axi_img_in_ARADDR    | out |   32|    m_axi   |     img_in     |    pointer   |
|m_axi_img_in_ARID      | out |    1|    m_axi   |     img_in     |    pointer   |
|m_axi_img_in_ARLEN     | out |   32|    m_axi   |     img_in     |    pointer   |
|m_axi_img_in_ARSIZE    | out |    3|    m_axi   |     img_in     |    pointer   |
|m_axi_img_in_ARBURST   | out |    2|    m_axi   |     img_in     |    pointer   |
|m_axi_img_in_ARLOCK    | out |    2|    m_axi   |     img_in     |    pointer   |
|m_axi_img_in_ARCACHE   | out |    4|    m_axi   |     img_in     |    pointer   |
|m_axi_img_in_ARPROT    | out |    3|    m_axi   |     img_in     |    pointer   |
|m_axi_img_in_ARQOS     | out |    4|    m_axi   |     img_in     |    pointer   |
|m_axi_img_in_ARREGION  | out |    4|    m_axi   |     img_in     |    pointer   |
|m_axi_img_in_ARUSER    | out |    1|    m_axi   |     img_in     |    pointer   |
|m_axi_img_in_RVALID    |  in |    1|    m_axi   |     img_in     |    pointer   |
|m_axi_img_in_RREADY    | out |    1|    m_axi   |     img_in     |    pointer   |
|m_axi_img_in_RDATA     |  in |    8|    m_axi   |     img_in     |    pointer   |
|m_axi_img_in_RLAST     |  in |    1|    m_axi   |     img_in     |    pointer   |
|m_axi_img_in_RID       |  in |    1|    m_axi   |     img_in     |    pointer   |
|m_axi_img_in_RUSER     |  in |    1|    m_axi   |     img_in     |    pointer   |
|m_axi_img_in_RRESP     |  in |    2|    m_axi   |     img_in     |    pointer   |
|m_axi_img_in_BVALID    |  in |    1|    m_axi   |     img_in     |    pointer   |
|m_axi_img_in_BREADY    | out |    1|    m_axi   |     img_in     |    pointer   |
|m_axi_img_in_BRESP     |  in |    2|    m_axi   |     img_in     |    pointer   |
|m_axi_img_in_BID       |  in |    1|    m_axi   |     img_in     |    pointer   |
|m_axi_img_in_BUSER     |  in |    1|    m_axi   |     img_in     |    pointer   |
|img_in_offset          |  in |   32|   ap_none  |  img_in_offset |    scalar    |
|img_out_offset         |  in |   32|   ap_none  | img_out_offset |    scalar    |
+-----------------------+-----+-----+------------+----------------+--------------+

